2025-10-10 12:50:56 - Script started
2025-10-10 12:50:56 - Config file not found. Using default values.
2025-10-10 12:50:56 - BasePath: /Users/frederickpearson/Public/
2025-10-10 12:50:56 - ZipFilePath: /Users/frederickpearson/Public/files/themes-dist-15.2.0-gcweb.zip
2025-10-10 12:50:56 - ExtractionPath: /Users/frederickpearson/Public/files/
2025-10-10 12:50:56 - ThemeRootFolderName: themes-dist-15.2.0-gcweb
2025-10-10 12:50:56 - PageTemplateNameNewHome: CS-Home-WET
2025-10-10 12:50:56 - WebTemplateHeader: CS-header
2025-10-10 12:50:56 - WebTemplateFooter: CS-footer
2025-10-10 12:50:57 - API Response: 
2025-10-10 12:50:57 - API Response: 
2025-10-10 12:50:57 - API Response: 
2025-10-10 12:50:57 - API Response: 
2025-10-10 12:50:57 - API Response: 
2025-10-10 12:50:57 - API Response: 
2025-10-10 12:50:57 - API Response: 
2025-10-10 12:50:57 - Checking zip file: /Users/frederickpearson/Public/files/themes-dist-15.2.0-gcweb.zip
2025-10-10 12:50:57 - Error: Zip file not found at /Users/frederickpearson/Public/files/themes-dist-15.2.0-gcweb.zip
2025-10-10 12:50:57 - Current directory: /Users/frederickpearson/projects/Public/portal/BuildGCWEB
2025-10-10 12:50:57 - Files in /Users/frederickpearson/Public/files:
2025-10-10 12:50:57 - Script ended
